// Vitest Snapshot v1, https://vitest.dev/guide/snapshot.html

exports[`TransactionForm > should match snapshot 1`] = `
<div>
  <form
    class="MuiStack-root css-3tz32n-JoyStack-root"
  >
    <div
      class="MuiStack-root css-1tb7emz-JoyStack-root"
    >
      <div
        class="MuiFormControl-root MuiFormControl-vertical MuiFormControl-sizeMd MuiStack-root css-9cy8of-JoyFormControl-root-JoyStack-root"
      >
        <label
          class="MuiFormLabel-root css-1ftzm8l-JoyFormLabel-root"
          for=":r0:"
          id=":r0:-label"
        >
          Title of transaction
        </label>
        <div
          class="MuiBox-root css-1rr4qq7"
        >
          <div
            class="MuiInput-root MuiInput-fullWidth MuiInput-variantOutlined MuiInput-colorNeutral MuiInput-sizeMd MuiInput-formControl css-gsnhoa-JoyInput-root"
          >
            <input
              class="MuiInput-input css-1gw9vc6-JoyInput-input"
              id=":r0:"
              name="title"
              placeholder="ex. Busk ticket"
              value=""
            />
          </div>
        </div>
      </div>
      <div
        class="MuiFormControl-root MuiFormControl-vertical MuiFormControl-sizeMd MuiStack-root css-9cy8of-JoyFormControl-root-JoyStack-root"
      >
        <label
          class="MuiFormLabel-root css-1ftzm8l-JoyFormLabel-root"
          for=":r1:"
          id=":r1:-label"
        >
          Amount (in PLN)
        </label>
        <div
          class="MuiBox-root css-1rr4qq7"
        >
          <div
            class="MuiInput-root MuiInput-variantOutlined MuiInput-colorNeutral MuiInput-sizeMd MuiInput-formControl css-1vip6bn-JoyInput-root"
            inputmode="numeric"
          >
            <input
              class="MuiInput-input css-1moyr10-JoyInput-input"
              id=":r1:"
              name="amount"
              placeholder="ex. 25.99"
              type="text"
              value="0"
            />
            <div
              class="MuiInput-endDecorator css-x3cgwv-JoyInput-endDecorator"
            >
              z≈Ç
            </div>
          </div>
        </div>
      </div>
    </div>
    <div
      class="MuiStack-root css-jkms5x-JoyStack-root"
    >
      <button
        class="MuiButton-root MuiButton-variantSolid MuiButton-colorPrimary MuiButton-sizeMd css-18m3si8-JoyButton-root"
        type="submit"
      >
        Add
      </button>
    </div>
  </form>
</div>
`;
